// Jest Snapshot v1, https://goo.gl/fbAQLP

exports[`(Component) SearchContainer should render an SearchContainer with result 1`] = `
<header>
  <h3>
    Consultar
  </h3>
  <div>
    <p>
      CEP:
    </p>
    <input
      autoFocus={true}
      maxLength="9"
      onChange={[MockFunction]}
      onKeyUp={[MockFunction]}
      pattern="\\\\d*"
      placeholder="00000-000"
      tabIndex="0"
      type="text"
      value="69028-401"
    />
    <button
      disabled={false}
      onClick={[MockFunction]}
      type="button"
    >
      Buscar
    </button>
  </div>
</header>
`;
